// Jest Snapshot v1, https://goo.gl/fbAQLP

exports[`ForecastSummary renders details of the forecast including: date, description, icon and temperature 1`] = `
<DocumentFragment>
  <div
    class="forecast-summary"
    data-testid="forecast-summary"
  >
    <div
      class="forecast-summary__date"
    >
      Thu 1st Jan
    </div>
    <div
      class="forecast-summary__icon"
      data-testid="forecast-icon"
    >
      <i
        class="wi wi-day-sunny"
        name="owm"
      />
    </div>
    <div
      class="forecast-summary__temperature"
    >
      30Â°C
    </div>
    <div
      class="forecast-summary__description"
    >
      Stub description
    </div>
    <div
      class="forecast-details__button"
    >
      <button
        class="moreDetails__button"
        type="button"
      >
        More details
      </button>
    </div>
  </div>
</DocumentFragment>
`;
