// Jest Snapshot v1, https://goo.gl/fbAQLP

exports[`ForecastDetails renders correctly 1`] = `
<DocumentFragment>
  <div
    class="forecast-details"
    data-testid="forecast-details"
  >
    <div
      class="forecast-details__date"
    >
      Mon 30th Apr
    </div>
    <div
      class="forecast-details__maxTemperature"
    >
      Max temp:14°C
    </div>
    <div
      class="forecast-details__minTemperature"
    >
      Min temp:3°C
    </div>
    <div
      class="forecast-details__humidity"
    >
      Humidity: 12%
    </div>
    <div
      class="forecast-details__windSpeed"
    >
      Wind speed: 20mph
    </div>
    <div
      class="forecast-details__windDirection"
    >
      Wind direction: n
    </div>
  </div>
</DocumentFragment>
`;
