// Jest Snapshot v1, https://goo.gl/fbAQLP

exports[`SearchForm renders correctly 1`] = `
<DocumentFragment>
  <div
    class="search-form"
  >
    <form>
      <input
        name="search"
        placeholder="Search city..."
        type="text"
        value=""
      />
      <button
        type="submit"
      >
        Search
      </button>
    </form>
  </div>
</DocumentFragment>
`;
